
> @gate/connect@0.0.0 test:e2e /Users/strider/orca/workspaces/gate-connect-app/feat-new-app-ui-3
> playwright test

[WebServer] 
[WebServer]   VITE v6.4.3  ready in 117 ms
[WebServer] 
[WebServer]   ➜  Local:   http://127.0.0.1:5599/

Running 263 tests using 5 workers

  ✓    5 [chromium] › e2e/boot.spec.ts:25:3 › boot › signed in with no org picked goes straight to the org picker (871ms)
  ✓    3 [chromium] › e2e/boot.spec.ts:33:3 › boot › routing already on shows the count of what is routing (874ms)
  ✓    2 [chromium] › e2e/boot.spec.ts:7:3 › boot › a signed-in account with an org lands on Home (931ms)
  ✓    1 [chromium] › e2e/boot.spec.ts:18:3 › boot › no account at all lands on first run (925ms)
  ✓    4 [chromium] › e2e/events.spec.ts:9:3 › backend events › a deferred quit surfaces the takeover, and disconnecting reverts the tools (1.2s)
  ✓    8 [chromium] › e2e/events.spec.ts:59:3 › backend events › proxy-state-changed repaints Home from the engine, not from a click (297ms)
  ✓    9 [chromium] › e2e/events.spec.ts:71:3 › backend events › backend-error-pending drains the buffered failures (303ms)
  ✓   10 [chromium] › e2e/events.spec.ts:82:3 › backend events › a session that died while the popover was closed drops to re-sign-in (182ms)
  ✓   11 [chromium] › e2e/events.spec.ts:95:3 › backend events › a key account is not dropped on focus - it has no session to expire (201ms)
  ✓    6 [chromium] › e2e/events.spec.ts:29:3 › backend events › a quit-requested nudge raises the takeover mid-session (609ms)
  ✓    7 [chromium] › e2e/events.spec.ts:44:3 › backend events › a failed disconnect keeps the takeover up instead of quitting (649ms)
  ✓   13 [chromium] › e2e/navigation.spec.ts:17:3 › navigation › Escape steps back out of Settings (237ms)
  ✓   14 [chromium] › e2e/navigation.spec.ts:26:3 › navigation › Escape steps back out of a family panel (279ms)
  ✓   15 [chromium] › e2e/navigation.spec.ts:36:3 › navigation › a takeover owns Escape - it cancels the quit, it doesn't navigate (240ms)
  ✓   16 [chromium] › e2e/navigation.spec.ts:47:3 › navigation › the header and the credential footer stay put while the body scrolls (261ms)
  ✓   12 [chromium] › e2e/navigation.spec.ts:7:3 › navigation › the gear opens Settings and Back returns to Home (614ms)
  ✓   18 [chromium] › e2e/navigation.spec.ts:105:3 › settings › the gateway host is shown in full (262ms)
  ✓   19 [chromium] › e2e/new-ui-dashboard-links.spec.ts:29:3 › dashboard links follow the active gateway › the topnav opens the dashboard for the account's own environment (302ms)
  ✓   20 [chromium] › e2e/new-ui-dashboard-links.spec.ts:44:3 › dashboard links follow the active gateway › Contact support opens the dashboard page the support widget lives on (364ms)
  ✓   17 [chromium] › e2e/navigation.spec.ts:90:3 › settings › launch at login is its own setting, independent of routing (633ms)
  ✓   21 [chromium] › e2e/new-ui-dashboard-links.spec.ts:62:3 › dashboard links follow the active gateway › production stays production (362ms)
  ✓   22 [chromium] › e2e/new-ui-dashboard-links.spec.ts:77:3 › dashboard links follow the active gateway › a gateway with no dashboard reports it and opens nothing (297ms)
  ✓   23 [chromium] › e2e/new-ui-engine.spec.ts:39:3 › new UI engine controls › the master switch starts the engine (290ms)
  ✓   24 [chromium] › e2e/new-ui-engine.spec.ts:51:3 › new UI engine controls › and stops it, without asking about the certificate (341ms)
  ✓   25 [chromium] › e2e/new-ui-engine.spec.ts:88:3 › new UI engine controls › a clean routing-off reports nothing, because there is nothing to report (360ms)
  ✓   26 [chromium] › e2e/new-ui-engine.spec.ts:69:3 › new UI engine controls › routing off lists the tools it could not put back (387ms)
  ✓   27 [chromium] › e2e/new-ui-engine.spec.ts:104:3 › new UI engine controls › routing off separates a tool waiting to be reopened (406ms)
  ✓   28 [chromium] › e2e/new-ui-engine.spec.ts:123:3 › new UI engine controls › a chat domain starts the engine rather than routing nothing (383ms)
  ✓   30 [chromium] › e2e/new-ui-engine.spec.ts:165:3 › new UI app pane › the switch reads intent, not the routing verdict (322ms)
  ✓   29 [chromium] › e2e/new-ui-engine.spec.ts:150:3 › new UI app pane › the pane's own switch routes the app (377ms)
  ✓   31 [chromium] › e2e/new-ui-engine.spec.ts:192:3 › new UI certificate and diagnostics › removing the certificate is confirmed first (407ms)
  ✓   32 [chromium] › e2e/new-ui-engine.spec.ts:208:3 › new UI certificate and diagnostics › an untrusted certificate is not offered for removal (330ms)
  ✓   33 [chromium] › e2e/new-ui-engine.spec.ts:220:3 › new UI certificate and diagnostics › the report is built from live probes (374ms)
  ✓   34 [chromium] › e2e/new-ui-engine.spec.ts:243:3 › new UI certificate and diagnostics › the API key row shows the stored prefix rather than a made-up one (301ms)
  ✓   35 [chromium] › e2e/new-ui-engine.spec.ts:265:3 › new UI device and install id › both rows read from the backend rather than sitting empty (320ms)
  ✓   37 [chromium] › e2e/new-ui-engine.spec.ts:301:3 › new UI device and install id › an unreadable name says so instead of offering a blind rename (345ms)
  ✓   36 [chromium] › e2e/new-ui-engine.spec.ts:278:3 › new UI device and install id › the device is renameable, and the stored name wins over the hostname (406ms)
  ✓   38 [chromium] › e2e/new-ui-engine.spec.ts:321:3 › new UI OAuth offer › a key-based account is offered sign-in once (316ms)
  ✓   40 [chromium] › e2e/new-ui-engine.spec.ts:361:3 › new UI OAuth offer › an OAuth account is never offered it (263ms)
  ✓   39 [chromium] › e2e/new-ui-engine.spec.ts:343:3 › new UI OAuth offer › declining is remembered (316ms)
  ✓   41 [chromium] › e2e/new-ui-firstrun.spec.ts:20:3 › new UI first run › no account lands on sign-in, not the app shell (244ms)
  ✓   44 [chromium] › e2e/new-ui-firstrun.spec.ts:78:3 › new UI first run › a single organization is chosen without asking (311ms)
  ✓   42 [chromium] › e2e/new-ui-firstrun.spec.ts:28:3 › new UI first run › signing in saves the gateway first, then routes through the org picker (422ms)
  ✓   43 [chromium] › e2e/new-ui-firstrun.spec.ts:56:3 › new UI first run › names the device between connecting and the confirmation (402ms)
  ✓   45 [chromium] › e2e/new-ui-firstrun.spec.ts:95:3 › new UI first run › the API-key path reaches the app without an org (399ms)
  ✓   46 [chromium] › e2e/new-ui-firstrun.spec.ts:116:3 › new UI first run › the confirmation finishes the job it promises (337ms)
  ✓   47 [chromium] › e2e/new-ui-firstrun.spec.ts:136:3 › new UI first run › an expired session asks to sign in again rather than welcoming (252ms)
  ✓   48 [chromium] › e2e/new-ui-firstrun.spec.ts:144:3 › new UI first run › a signed-in account goes straight to the app (272ms)
  ✓   49 [chromium] › e2e/new-ui-firstrun.spec.ts:158:3 › new UI: the two ways back to first run › reset turns routing off before wiping, and lands on sign-in (483ms)
  ✓   50 [chromium] › e2e/new-ui-firstrun.spec.ts:182:3 › new UI: the two ways back to first run › disconnect ends the session and keeps the account (404ms)
  ✓   51 [chromium] › e2e/new-ui-firstrun.spec.ts:218:3 › new UI: the two ways back to first run › disconnect says which tools are still pointed at Gate (392ms)
  ✓   52 [chromium] › e2e/new-ui-firstrun.spec.ts:248:3 › new UI: the two ways back to first run › an API-key account is offered reset but not disconnect (346ms)
  ✓   53 [chromium] › e2e/new-ui-firstrun.spec.ts:261:3 › new UI: the two ways back to first run › a key account can move to a Gate account from Settings (373ms)
  ✓   55 [chromium] › e2e/new-ui-firstrun.spec.ts:304:3 › new UI: the two ways back to first run › an OAuth account is not offered a key to replace (352ms)
  ✓   56 [chromium] › e2e/new-ui-firstrun.spec.ts:317:3 › new UI: the two ways back to first run › an OAuth account is not shown an API key at all (354ms)
  ✓   54 [chromium] › e2e/new-ui-firstrun.spec.ts:278:3 › new UI: the two ways back to first run › a failed browser sign-in says so instead of going quiet (423ms)
  ✓   57 [chromium] › e2e/new-ui-firstrun.spec.ts:332:3 › new UI: the two ways back to first run › a failed sign-in on the setup screen shows its details too (341ms)
  ✓   58 [chromium] › e2e/new-ui-firstrun.spec.ts:352:3 › new UI: the two ways back to first run › re-signing in keeps the account's own gateway (319ms)
  ✓   59 [chromium] › e2e/new-ui-firstrun.spec.ts:399:3 › new UI: the diagnostic-data step › an unanswered install is asked before it reaches the app (233ms)
  ✓   60 [chromium] › e2e/new-ui-firstrun.spec.ts:411:3 › new UI: the diagnostic-data step › it states what never leaves the machine (267ms)
  ✓   61 [chromium] › e2e/new-ui-firstrun.spec.ts:423:3 › new UI: the diagnostic-data step › Finish setup records an unchanged choice and opens the app (291ms)
  ✓   63 [chromium] › e2e/new-ui-firstrun.spec.ts:442:3 › new UI: the diagnostic-data step › skipping records the refusal rather than leaving it unanswered (344ms)
  ✓   62 [chromium] › e2e/new-ui-firstrun.spec.ts:432:3 › new UI: the diagnostic-data step › switching it off records the refusal, and still opens the app (363ms)
  ✓   64 [chromium] › e2e/new-ui-firstrun.spec.ts:451:3 › new UI: the diagnostic-data step › an install that already answered is not asked again (270ms)
  ✓   65 [chromium] › e2e/new-ui-model-picker.spec.ts:83:3 › new UI model picker › says no model is chosen before one is (298ms)
  ✓   66 [chromium] › e2e/new-ui-model-picker.spec.ts:94:3 › new UI model picker › the picker says it has nothing to offer rather than inventing models (367ms)
  ✓   67 [chromium] › e2e/new-ui-model-picker.spec.ts:112:3 › new UI model picker › choosing Gate model with nothing chosen picks a model first (372ms)
  ✓   68 [chromium] › e2e/new-ui-model-picker.spec.ts:124:3 › new UI model picker › picking a model then confirming hands routing to Gate (454ms)
  ✓   70 [chromium] › e2e/new-ui-model-picker.spec.ts:170:3 › new UI model picker › does not re-ask once this install has accepted (354ms)
  ✓   69 [chromium] › e2e/new-ui-model-picker.spec.ts:148:3 › new UI model picker › declining the billing keeps the model without serving it (475ms)
  ✓   71 [chromium] › e2e/new-ui-model-picker.spec.ts:193:3 › new UI model picker › Change model swaps the served model directly once Gate is serving (400ms)
  ✓   72 [chromium] › e2e/new-ui-model-picker.spec.ts:219:3 › new UI model picker › switching back to App default keeps the model, unserved (292ms)
  ✓   73 [chromium] › e2e/new-ui-model-picker.spec.ts:244:3 › new UI model picker › offers no choice at all when the setting could not be read (379ms)
  ✓   74 [chromium] › e2e/new-ui-model-picker.spec.ts:283:3 › new UI model picker search and set › search narrows the list and says how many are showing (407ms)
  ✓   75 [chromium] › e2e/new-ui-model-picker.spec.ts:296:3 › new UI model picker search and set › counts the set as it is picked, beside the count of what is shown (477ms)
  ✓   76 [chromium] › e2e/new-ui-model-picker.spec.ts:324:3 › new UI model picker search and set › says so when a search matches nothing, rather than showing an empty list (351ms)
  ✓   77 [chromium] › e2e/new-ui-model-picker.spec.ts:338:3 › new UI model picker search and set › the provider filter narrows to one vendor (381ms)
  ✓   78 [chromium] › e2e/new-ui-model-picker.spec.ts:349:3 › new UI model picker search and set › Change model enables several models at once and states the count (392ms)
  ✓   79 [chromium] › e2e/new-ui-model-picker.spec.ts:373:3 › new UI model picker search and set › refuses to save an empty set, which is where the last model is held (428ms)
  ✓   80 [chromium] › e2e/new-ui-model-picker.spec.ts:409:3 › new UI model picker search and set › clearing the draft by hand leaves the stored set alone (531ms)
  ✓   81 [chromium] › e2e/new-ui-model-picker.spec.ts:447:3 › new UI model card credits › shows the balance the way the design words it (508ms)
  ✓   82 [chromium] › e2e/new-ui-model-picker.spec.ts:467:3 › new UI model card credits › reads N/A when no balance was reported, not $0.00 (469ms)
  ✓   83 [chromium] › e2e/new-ui-model-picker.spec.ts:484:3 › new UI model card credits › says nothing about a balance while the app is on its own model (470ms)
  ✓   84 [chromium] › e2e/new-ui-model-picker.spec.ts:518:3 › new UI model card credits › says PAYG is off rather than showing money that cannot be spent here (463ms)
  ✓   85 [chromium] › e2e/new-ui-model-picker.spec.ts:551:3 › new UI Gate model confirmation › names the single model with its vendor, as the frame draws it (469ms)
  ✓   87 [chromium] › e2e/new-ui-model-picker.spec.ts:586:3 › new UI Gate model confirmation › says the tool's own preference is untouched (461ms)
  ✓   86 [chromium] › e2e/new-ui-model-picker.spec.ts:567:3 › new UI Gate model confirmation › lists every model when several are enabled (515ms)
  ✓   88 [chromium] › e2e/new-ui-model-picker.spec.ts:621:3 › new UI model needs attention › highlights a chosen model the catalogue no longer offers (336ms)
  ✓   89 [chromium] › e2e/new-ui-model-picker.spec.ts:638:3 › new UI model needs attention › stays quiet when one chosen model is still servable (323ms)
  ✓   90 [chromium] › e2e/new-ui-model-picker.spec.ts:656:3 › new UI model needs attention › says nothing about a model remembered under App default (300ms)
  ✓   91 [chromium] › e2e/new-ui-model-picker.spec.ts:670:3 › new UI model needs attention › highlights an empty balance (321ms)
  ✓   93 [chromium] › e2e/new-ui-model-picker.spec.ts:731:3 › new UI model feedback › names the chosen model on the option that would use it (390ms)
  ✓   92 [chromium] › e2e/new-ui-model-picker.spec.ts:685:3 › new UI model needs attention › lets an unavailable model be removed, which nothing else could (418ms)
  ✓   94 [chromium] › e2e/new-ui-model-picker.spec.ts:746:3 › new UI model feedback › falls back to the generic line when nothing is chosen (380ms)
  ✓   95 [chromium] › e2e/new-ui-model-picker.spec.ts:817:7 › new UI model picker compatibility › counts only the measured failures as held back (464ms)
  ✓   96 [chromium] › e2e/new-ui-model-picker.spec.ts:830:3 › new UI model picker compatibility › names the reason when every held-back model shares one (459ms)
  ✓   97 [chromium] › e2e/new-ui-model-picker.spec.ts:845:3 › new UI model picker compatibility › treats an older gateway's silence as offered, not as a refusal (447ms)
  ✓   99 [chromium] › e2e/new-ui-quit.spec.ts:43:3 › new UI quit › a deferred quit raises the chooser, with the safe option preselected (437ms)
  ✓   98 [chromium] › e2e/new-ui-model-picker.spec.ts:866:3 › new UI model picker compatibility › lets the user overrule it, because the rule will date (514ms)
  ✓  100 [chromium] › e2e/new-ui-quit.spec.ts:65:3 › new UI quit › disconnecting reports it, and only then closes the app (399ms)
  ✓  101 [chromium] › e2e/new-ui-quit.spec.ts:84:3 › new UI quit › quitting without disconnecting touches no config (462ms)
  ✓  102 [chromium] › e2e/new-ui-quit.spec.ts:108:3 › new UI quit › a tool left on Gate is named instead of confirmed (383ms)
  ✓  103 [chromium] › e2e/new-ui-quit.spec.ts:130:3 › new UI quit › cancelling leaves the window open with nothing changed (410ms)
  ✓  104 [chromium] › e2e/new-ui-quit.spec.ts:149:3 › new UI quit › the topnav menu raises the same chooser (409ms)
  ✓  106 [chromium] › e2e/new-ui-recovery-details.spec.ts:23:3 › the tray's Review details, in the window › opens the routing details for the unfinished run (242ms)
  ✓  105 [chromium] › e2e/new-ui-quit.spec.ts:163:3 › new UI quit › with nothing routed, the menu quits without asking how (345ms)
  ✓  107 [chromium] › e2e/new-ui-recovery-details.spec.ts:45:3 › the tray's Review details, in the window › does not answer with Settings when it has nothing to show (273ms)
  ✓  108 [chromium] › e2e/new-ui-recovery-details.spec.ts:67:3 › the tray's Review details, in the window › keeps the run it already read when a later read fails (355ms)
  ✓  109 [chromium] › e2e/new-ui-routing.spec.ts:37:3 › new UI routing › a drifted app's sidebar switch reads on, and turning it off just disconnects (327ms)
  ✓  110 [chromium] › e2e/new-ui-routing.spec.ts:57:3 › new UI routing › re-adopting from the alert card goes through the review (632ms)
  ✓  111 [chromium] › e2e/new-ui-routing.spec.ts:82:3 › new UI routing › declining the review leaves the config alone (631ms)
  ✓  113 [chromium] › e2e/new-ui-routing.spec.ts:124:3 › new UI routing › the certificate gate names the system dialog Windows is about to raise (477ms)
  ✓  114 [chromium] › e2e/new-ui-routing.spec.ts:151:3 › new UI routing › turning an app off needs no gate at all (479ms)
  ✓  112 [chromium] › e2e/new-ui-routing.spec.ts:93:3 › new UI routing › an untrusted certificate is asked about before anything is written (617ms)
  ✓  115 [chromium] › e2e/new-ui-routing.spec.ts:174:3 › new UI routing › routing an app with a browser surface says the open page is still going around Gate (350ms)
  ✓  116 [chromium] › e2e/new-ui-routing.spec.ts:208:3 › new UI routing › a host row nobody browses gets no such notice (381ms)
  ✓  117 [chromium] › e2e/new-ui-routing.spec.ts:231:3 › new UI routing › the notice goes when the same switch is turned back off (451ms)
  ✓  119 [chromium] › e2e/new-ui-routing.spec.ts:296:3 › new UI routing › a surface the engine starts intercepting says so, even though nothing wrote it (468ms)
  ✓  118 [chromium] › e2e/new-ui-routing.spec.ts:259:3 › new UI routing › it is drawn beside the reopen card, not behind it (496ms)
  ✓  120 [chromium] › e2e/new-ui-routing.spec.ts:343:3 › new UI routing › a failed write says why instead of failing silently (296ms)
  ✓  121 [chromium] › e2e/new-ui-routing.spec.ts:414:3 › new UI drift repair › the review dialog shows what Gate would write, not just what it found (305ms)
  ✓  122 [chromium] › e2e/new-ui-routing.spec.ts:431:3 › new UI drift repair › the Gate-route row is omitted when no relay port has been bound (353ms)
  ✓  123 [chromium] › e2e/new-ui-routing.spec.ts:444:3 › new UI drift repair › a failed write says so in the pane header, not only in a banner (476ms)
  ✓  124 [chromium] › e2e/new-ui-routing.spec.ts:465:3 › new UI drift repair › a retry that succeeds clears the failure from the pane header (526ms)
  ✓  126 [chromium] › e2e/new-ui-routing.spec.ts:532:3 › new UI: refreshing the inventory › an event that finds nothing new does not re-run the routing sweep (404ms)
  ✓  127 [chromium] › e2e/new-ui-routing.spec.ts:551:3 › new UI: refreshing the inventory › a tool installed while the window was open appears when the watch fires (419ms)
  ✓  128 [chromium] › e2e/new-ui-routing.spec.ts:598:3 › new UI: an empty inventory › a completed scan with nothing on the device says so, with a time (279ms)
  ✓  129 [chromium] › e2e/new-ui-routing.spec.ts:610:3 › new UI: an empty inventory › a failed scan says it could not look, not that there is nothing (295ms)
  ✓  130 [chromium] › e2e/new-ui-routing.spec.ts:627:3 › new UI: an empty inventory › neither state appears once apps are found (284ms)
  ✓  131 [chromium] › e2e/new-ui-routing.spec.ts:634:3 › new UI: an empty inventory › a failed scan recovers when the retry succeeds (306ms)
  ✓  132 [chromium] › e2e/new-ui-routing.spec.ts:667:3 › new UI: buffered backend failures › a failed restore that predates the window is shown, not just logged (275ms)
  ✓  133 [chromium] › e2e/new-ui-routing.spec.ts:683:3 › new UI: buffered backend failures › it drains again on the nudge, so a later failure is not stranded (282ms)
  ✓  134 [chromium] › e2e/new-ui-routing.spec.ts:700:3 › new UI: buffered backend failures › a failure that does not mean routing is down stays out of the user's way (280ms)
  ✓  135 [chromium] › e2e/new-ui-routing.spec.ts:736:3 › new UI: an interrupted restore › what did not finish is named (239ms)
  ✓  136 [chromium] › e2e/new-ui-routing.spec.ts:745:3 › new UI: an interrupted restore › nothing outstanding shows no notice (273ms)
  ✓  125 [chromium] › e2e/new-ui-routing.spec.ts:515:3 › new UI: refreshing the inventory › the tool list is re-read when the backend says it changed (1.4s)
  ✓  137 [chromium] › e2e/new-ui-routing.spec.ts:759:3 › new UI: an interrupted restore › Resume finishes the job entry by entry and the notice goes (318ms)
  ✓  138 [chromium] › e2e/new-ui-routing.spec.ts:772:3 › new UI: an interrupted restore › the notice accounts for each tool it is waiting on (319ms)
  ✓  139 [chromium] › e2e/new-ui-routing.spec.ts:791:3 › new UI: an interrupted restore › a row's Retry asks about that entry only (335ms)
  ✓  140 [chromium] › e2e/new-ui-routing.spec.ts:808:3 › new UI: an interrupted restore › a completed resume offers to close the tools it just rewrote (307ms)
  ✓  143 [chromium] › e2e/new-ui-routing.spec.ts:856:3 › new UI: an interrupted restore › a live failure outranks a recorded one (297ms)
  ✓  141 [chromium] › e2e/new-ui-routing.spec.ts:828:3 › new UI: an interrupted restore › a partial resume keeps the notice, naming only what is left (352ms)
  ✓  142 [chromium] › e2e/new-ui-routing.spec.ts:844:3 › new UI: an interrupted restore › Finish later hides it for this session without resuming anything (353ms)
  ✓  144 [chromium] › e2e/new-ui-routing.spec.ts:932:3 › new UI: reviewing an interrupted restore › it accounts for every entry, including the ones never reached (444ms)
  ✓  145 [chromium] › e2e/new-ui-routing.spec.ts:957:3 › new UI: reviewing an interrupted restore › it shows a category, a last check and a process state per tool (432ms)
  ✓  147 [chromium] › e2e/new-ui-routing.spec.ts:1101:3 › new UI: reviewing an interrupted restore › reviewing changes nothing (390ms)
  ✓  148 [chromium] › e2e/new-ui-routing.spec.ts:1120:3 › new UI: reviewing an interrupted restore › without a journal the review says nothing was started (388ms)
  ✓  146 [chromium] › e2e/new-ui-routing.spec.ts:993:3 › new UI: reviewing an interrupted restore › an engine that was still starting is not reported as a failed write (454ms)
  ✓  150 [chromium] › e2e/new-ui-routing.spec.ts:1178:3 › new UI: the review names the file it will change › no file is named when the tool owns none (310ms)
  ✓  149 [chromium] › e2e/new-ui-routing.spec.ts:1167:3 › new UI: the review names the file it will change › the review names the config file (318ms)
  ✓  152 [chromium] › e2e/new-ui-routing.spec.ts:1232:3 › new UI sidebar rail › an app switch asks before it routes a surface you are signed in to (340ms)
  ✓  151 [chromium] › e2e/new-ui-routing.spec.ts:1207:3 › new UI sidebar rail › an app switch routes every surface that app uses (391ms)
  ✓  153 [chromium] › e2e/new-ui-routing.spec.ts:1256:3 › new UI sidebar rail › the consent answer is recorded, so the question is asked once (479ms)
  ✓  154 [chromium] › e2e/new-ui-routing.spec.ts:1288:3 › new UI sidebar rail › one certificate question for a whole section, not one per surface (360ms)
  ✓  155 [chromium] › e2e/new-ui-routing.spec.ts:1314:3 › new UI sidebar rail › a section made only of session surfaces can be switched back off (397ms)
  ✓  156 [chromium] › e2e/new-ui-routing.spec.ts:1336:3 › new UI sidebar rail › a row with nothing attributable says so instead of reporting a quiet day (283ms)
  ✓  157 [chromium] › e2e/new-ui-routing.spec.ts:1354:3 › new UI sidebar rail › a band's eyebrow counts protected rows over rows (337ms)
  ✓  158 [chromium] › e2e/new-ui-routing.spec.ts:1377:3 › new UI sidebar rail › the multi-provider tools each get a switch, under one band (227ms)
  ✓  159 [chromium] › e2e/new-ui-running-apps.spec.ts:46:3 › new UI running apps › offers to close an app that is running when its config changes (372ms)
  ✓  160 [chromium] › e2e/new-ui-running-apps.spec.ts:76:3 › new UI running apps › offers the desktop app too, not only the CLI beside it (392ms)
  ✓  161 [chromium] › e2e/new-ui-running-apps.spec.ts:108:3 › new UI running apps › says nothing when the app is not running (408ms)
  ✓  162 [chromium] › e2e/new-ui-running-apps.spec.ts:123:3 › new UI running apps › killing anything takes two answers (458ms)
  ✓  163 [chromium] › e2e/new-ui-running-apps.spec.ts:151:3 › new UI running apps › backing out of the confirmation closes nothing (458ms)
  ✓  164 [chromium] › e2e/new-ui-running-apps.spec.ts:168:3 › new UI running apps › reopening later keeps the config that was just saved (375ms)
  ✓  165 [chromium] › e2e/new-ui-running-apps.spec.ts:185:3 › new UI running apps › says nothing about a tool whose config was not touched (345ms)
  ✓  166 [chromium] › e2e/new-ui-running-apps.spec.ts:203:3 › new UI running apps › offers only the app that was reconfigured (348ms)
  ✓  167 [chromium] › e2e/new-ui-running-apps.spec.ts:220:3 › new UI running apps › names the running tool and who reopens it (337ms)
  ✓  168 [chromium] › e2e/new-ui-running-apps.spec.ts:248:3 › new UI running apps › the confirmation asks for a save it cannot check itself (372ms)
  ✓  170 [chromium] › e2e/new-ui-running-apps.spec.ts:298:3 › new UI running apps › the tool's pane offers the reopen, and Overview does not (451ms)
  ✓  172 [chromium] › e2e/new-ui-running-apps.spec.ts:374:3 › new UI running apps › a stale invitation takes itself down rather than doing nothing (403ms)
  ✓  173 [chromium] › e2e/new-ui-running-apps.spec.ts:409:3 › new UI running apps › a proxy-routed row warns about open apps on Linux, and only there (378ms)
  ✓  174 [chromium] › e2e/new-ui-running-apps.spec.ts:428:5 › new UI running apps › macos says nothing about reopening a proxy-routed app (276ms)
  ✓  175 [chromium] › e2e/new-ui-running-apps.spec.ts:428:5 › new UI running apps › windows says nothing about reopening a proxy-routed app (291ms)
  ✓  176 [chromium] › e2e/new-ui-running-apps.spec.ts:444:3 › new UI running apps › a config-routed tool gets the measured verdict, not the advice (287ms)
  ✓  177 [chromium] › e2e/new-ui-running-apps.spec.ts:468:3 › new UI running apps › a declined review never reaches the sequence (333ms)
  ✓  178 [chromium] › e2e/new-ui-security-feed.spec.ts:56:3 › new UI security feed › the feed is the Overview's last section, and the rail has lost its entry (185ms)
  ✓  181 [chromium] › e2e/new-ui-security-feed.spec.ts:119:3 › new UI security feed › a failed catch-up is not reported as an empty feed (195ms)
  ✓  180 [chromium] › e2e/new-ui-security-feed.spec.ts:111:3 › new UI security feed › an empty feed says so, rather than saying nothing (198ms)
  ✓  179 [chromium] › e2e/new-ui-security-feed.spec.ts:75:3 › new UI security feed › a request from the tray lands on the section, from whatever pane (465ms)
  ✓  182 [chromium] › e2e/new-ui-security-feed.spec.ts:144:3 › new UI security feed › a partial history says so above the rows it does have (204ms)
  ✓  183 [chromium] › e2e/new-ui-security-feed.spec.ts:158:3 › new UI security feed › an event pushed while the Overview is open appears on it (208ms)
  ✓  184 [chromium] › e2e/new-ui-security-feed.spec.ts:170:3 › new UI security feed › a window opened after the fact recovers the events it missed (205ms)
  ✓  186 [chromium] › e2e/new-ui-security-feed.spec.ts:209:3 › new UI security feed › events already on screen survive a reconnect (220ms)
  ✓  185 [chromium] › e2e/new-ui-security-feed.spec.ts:186:3 › new UI security feed › the feed reports its own connection, and routing keeps working (246ms)
  ✓  187 [chromium] › e2e/new-ui-security-feed.spec.ts:221:3 › new UI security feed › opening an event offers the dashboard and keeps the summary up (286ms)
  ✓  189 [chromium] › e2e/new-ui-security-feed.spec.ts:257:3 › new UI security feed › the notification switches reach the backend (314ms)
  ✓  190 [chromium] › e2e/new-ui-settings.spec.ts:22:3 › new UI settings › the launch-at-login switch reaches the backend (266ms)
  ✓  191 [chromium] › e2e/new-ui-settings.spec.ts:38:3 › new UI settings › replacing the API key saves against the current gateway (293ms)
  ✓  192 [chromium] › e2e/new-ui-settings.spec.ts:64:3 › new UI settings › cancelling the key dialog writes nothing (320ms)
  ✓  193 [chromium] › e2e/new-ui-settings.spec.ts:83:3 › new UI settings › switching organization picks the current one and confirms the change (255ms)
  ✓  194 [chromium] › e2e/new-ui-settings.spec.ts:104:3 › new UI settings › the picker still opens for a single organization, and refuses the switch (219ms)
  ✓  195 [chromium] › e2e/new-ui-settings.spec.ts:148:3 › new UI settings › an API-key account gets the organization as a label, not a button (169ms)
  ✓  196 [chromium] › e2e/new-ui-settings.spec.ts:163:3 › new UI settings › replaying the tutorial opens the onboarding window (237ms)
  ✓  197 [chromium] › e2e/new-ui-settings.spec.ts:174:3 › new UI settings › rows with no backend show no control (220ms)
  ✓  198 [chromium] › e2e/new-ui-settings.spec.ts:191:3 › new UI settings › checking for updates reports back (221ms)
  ✓  199 [chromium] › e2e/new-ui-settings.spec.ts:204:3 › new UI settings › the diagnostics report can be copied (266ms)
  ✓  200 [chromium] › e2e/new-ui-settings.spec.ts:233:3 › new UI settings preferences › both preference switches read On before anything has been written (216ms)
  ✓  201 [chromium] › e2e/new-ui-settings.spec.ts:248:3 › new UI settings preferences › turning notifications off reaches the backend (257ms)
  ✓  202 [chromium] › e2e/new-ui-settings.spec.ts:261:3 › new UI settings preferences › the diagnostics switch reaches the backend (239ms)
  ✓  203 [chromium] › e2e/new-ui-settings.spec.ts:274:3 › new UI settings preferences › a failed preferences read shows Unavailable, not an Off switch (213ms)
  ✓  204 [chromium] › e2e/new-ui-settings.spec.ts:285:3 › new UI settings preferences › a failed launch-at-login read does not spread to the preference switches (209ms)
  ✓  205 [chromium] › e2e/new-ui-settings.spec.ts:296:3 › new UI settings preferences › Settings carries the sections the criteria name (209ms)
  ✓  206 [chromium] › e2e/new-ui-settings.spec.ts:330:3 › new UI: what diagnostics collects › the list opens and changes no setting (259ms)
  ✓  207 [chromium] › e2e/new-ui-settings.spec.ts:349:3 › new UI: what diagnostics collects › it names prompts and credentials as never sent (234ms)
  ✓  208 [chromium] › e2e/new-ui-tray.spec.ts:15:3 › tray popover › a row switch routes its tool through the same dispatch as the rail (223ms)
  ✓  209 [chromium] › e2e/new-ui-tray.spec.ts:34:3 › tray popover › the tray says the open page is still going around Gate, as the window does (220ms)
  ✓  188 [chromium] › e2e/new-ui-security-feed.spec.ts:235:3 › new UI security feed › a long-running window keeps a bounded feed (2.8s)
  ✓  210 [chromium] › e2e/new-ui-tray.spec.ts:52:3 › tray popover › the reload notice does not come back on a later reveal (222ms)
  ✓  211 [chromium] › e2e/new-ui-tray.spec.ts:88:3 › tray popover › an interrupted restore is offered from the tray, not just reported (211ms)
  ✓  212 [chromium] › e2e/new-ui-tray.spec.ts:118:3 › tray popover › a tool waiting to be reopened is offered from the tray (228ms)
  ✓  213 [chromium] › e2e/new-ui-tray.spec.ts:157:3 › tray popover › the tray sends the per-tool account to the window (179ms)
  ✓  214 [chromium] › e2e/new-ui-tray.spec.ts:179:3 › tray popover › Expand app reveals the main window (189ms)
  ✓  215 [chromium] › e2e/new-ui-tray.spec.ts:187:3 › tray popover › the menu's Quit goes through the tray-menu quit path (222ms)
  ✓  216 [chromium] › e2e/new-ui-tray.spec.ts:198:3 › tray popover › signed out, it hands over instead of painting empty groups (172ms)
  ✓  217 [chromium] › e2e/new-ui-tray.spec.ts:209:3 › tray popover › a row counts the feed's events against its own tool (159ms)
  ✓  218 [chromium] › e2e/new-ui-tray.spec.ts:245:3 › tray popover › the security card sends the window to the events themselves (209ms)
  ✓  219 [chromium] › e2e/new-ui-tray.spec.ts:281:3 › tray popover › the popover re-reads on tools-changed rather than on a timer (181ms)
  ✓  220 [chromium] › e2e/new-ui-tray.spec.ts:303:3 › tray popover › an org switch in the other window reaches the popover (192ms)
  ✓  221 [chromium] › e2e/new-ui-tray.spec.ts:322:3 › tray popover › the dashboard opens on the environment this install talks to (259ms)
  ✓  222 [chromium] › e2e/new-ui-tray.spec.ts:344:3 › tray popover › Contact support opens the dashboard page carrying the support widget (250ms)
  ✓  223 [chromium] › e2e/new-ui-tray.spec.ts:364:3 › tray popover › Escape hides the popover, and closes the menu first when one is open (226ms)
  ✓  224 [chromium] › e2e/new-ui-tray.spec.ts:386:3 › tray popover › the organization line hands the selector to the window (197ms)
  ✓  225 [chromium] › e2e/new-ui-tray.spec.ts:400:3 › tray popover › a gateway with no dashboard says so instead of guessing one (236ms)
  ✓  226 [chromium] › e2e/new-ui-verdict.spec.ts:32:3 › new UI routing verdict › a connected app reads Protected only once the sweep confirms it (184ms)
  ✓  227 [chromium] › e2e/new-ui-verdict.spec.ts:49:3 › new UI routing verdict › a connected app whose relay is down reads Not protected, and says why in the pane (207ms)
  ✓  228 [chromium] › e2e/new-ui-verdict.spec.ts:70:3 › new UI routing verdict › a failing verdict does not move the switch (197ms)
  ✓  229 [chromium] › e2e/new-ui-verdict.spec.ts:82:3 › new UI routing verdict › a tool whose process predates the routing change is told to reopen, in the pane (239ms)
  ✓  231 [chromium] › e2e/new-ui-verdict.spec.ts:142:3 › new UI routing verdict › a disconnected app reads Not routed (195ms)
  ✓  230 [chromium] › e2e/new-ui-verdict.spec.ts:113:3 › new UI routing verdict › the reopen card names the situation and the action, and claims no route (264ms)
  ✓  232 [chromium] › e2e/new-ui-verdict.spec.ts:156:3 › new UI routing verdict › a drifted config keeps the design's own phrase (198ms)
  ✓  233 [chromium] › e2e/platform.spec.ts:15:3 › window chrome › linux draws its own title bar and squares the card corners (202ms)
  ✓  234 [chromium] › e2e/platform.spec.ts:30:5 › window chrome › macos has no title bar and rounds to match the window (187ms)
  ✓  235 [chromium] › e2e/platform.spec.ts:30:5 › window chrome › windows has no title bar and rounds to match the window (204ms)
  ✓  236 [chromium] › e2e/platform.spec.ts:46:3 › command-line switch › is offered where the choice is separable (162ms)
  ✓  237 [chromium] › e2e/platform.spec.ts:54:3 › command-line switch › is absent on linux, where it could not honour itself (167ms)
  ✓  238 [chromium] › e2e/platform.spec.ts:79:5 › platform nouns › macos names the secret store in the pinned footer (171ms)
  ✓  239 [chromium] › e2e/platform.spec.ts:79:5 › platform nouns › windows names the secret store in the pinned footer (173ms)
  ✓  240 [chromium] › e2e/platform.spec.ts:79:5 › platform nouns › linux names the secret store in the pinned footer (171ms)
  ✓  241 [chromium] › e2e/platform.spec.ts:97:5 › platform nouns › macos names the CA trust store in the certificate explainer (523ms)
  ✓  243 [chromium] › e2e/platform.spec.ts:97:5 › platform nouns › linux names the CA trust store in the certificate explainer (519ms)
  ✓  242 [chromium] › e2e/platform.spec.ts:97:5 › platform nouns › windows names the CA trust store in the certificate explainer (542ms)
  ✓  245 [chromium] › e2e/routing.spec.ts:25:3 › routing › turning it off leaves the certificate trusted (202ms)
  ✓  247 [chromium] › e2e/routing.spec.ts:56:3 › routing › with nothing running, the toggle says so without offering to close it (164ms)
  ✓  244 [chromium] › e2e/routing.spec.ts:8:3 › routing › the master switch turns the engine on and reports what is routing (503ms)
  ✓  246 [chromium] › e2e/routing.spec.ts:39:3 › routing › with agents running, the first toggle offers to close them (527ms)
  ✓  248 [chromium] › e2e/routing.spec.ts:78:3 › routing › a failed enable says why and re-syncs the switch (186ms)
  ✓  250 [chromium] › e2e/routing.spec.ts:130:3 › routing › an already-trusted certificate raises no second prompt (173ms)
  ✓  249 [chromium] › e2e/routing.spec.ts:92:3 › routing › the master switch trusts the certificate before it enables (489ms)
  ✓  252 [chromium] › e2e/routing.spec.ts:166:3 › routing › Not now abandons the toggle without raising the dialog or an error (169ms)
  ✓  251 [chromium] › e2e/routing.spec.ts:146:3 › routing › refusing the system dialog leaves routing off and says so (498ms)
  ✓  253 [chromium] › e2e/routing.spec.ts:187:3 › routing › an untrusted certificate is fixed from the card, not from the row (197ms)
  ✓  254 [chromium] › e2e/routing.spec.ts:229:3 › family panel › a member switch connects that tool and Home repaints (584ms)
  ✓  255 [chromium] › e2e/routing.spec.ts:255:3 › family panel › a proxy member goes through proxy_set_domain, not connect_tool (603ms)
  ✓  256 [chromium] › e2e/routing.spec.ts:273:3 › family panel › the subscription surface has its own switch, and the family switch never touches it (650ms)
  ✓  257 [chromium] › e2e/routing.spec.ts:322:3 › family panel › the chat surface has its own switch, and the family switch never touches it (508ms)
  ✓  258 [chromium] › e2e/routing.spec.ts:359:3 › family panel › a member that fails to connect names itself and stays off (539ms)
  ✓  261 [chromium] › e2e/signin.spec.ts:62:3 › sign in › a failed sign-in explains itself and stays on first run (212ms)
  ✓  260 [chromium] › e2e/signin.spec.ts:43:3 › sign in › the API key path saves the key and skips the org picker (552ms)
  ✓  262 [chromium] › e2e/signin.spec.ts:75:3 › sign in › the key form is reachable from the org picker's dead end (197ms)
  ✓  259 [chromium] › e2e/signin.spec.ts:13:3 › sign in › Constellation sign-in routes through the org picker to Home (1.2s)
  ✓  263 [chromium] › e2e/signin.spec.ts:87:3 › sign out › keeps the account and lands back on the sign-in prompt (544ms)
  ✓  171 [chromium] › e2e/new-ui-running-apps.spec.ts:340:3 › new UI running apps › clears the invitation on its own once the tool has been reopened (10.8s)
  ✓  169 [chromium] › e2e/new-ui-running-apps.spec.ts:264:3 › new UI running apps › a tool that comes back is verified before it reads as routing (10.9s)

  263 passed (25.8s)
